../Core/Src/main.c:105:5:main	8	static
../Core/Src/main.c:197:6:SystemClock_Config	72	static
../Core/Src/main.c:234:13:MX_GPIO_Init	40	static
../Core/Src/main.c:280:6:StartDefaultTask	16	static
../Core/Src/main.c:298:6:GreenLed	16	static
../Core/Src/main.c:328:6:RedLed	16	static
../Core/Src/main.c:351:6:AccessSharedData	8	static
../Core/Src/main.c:370:6:SimulateReadWriteOperation	16	static,ignoring_inline_asm
../Core/Src/main.c:387:6:OrangeLed	16	static
../Core/Src/main.c:407:6:HAL_TIM_PeriodElapsedCallback	16	static
../Core/Src/main.c:424:6:Error_Handler	4	static,ignoring_inline_asm
