../Core/Src/main.c:106:5:main	8	static
../Core/Src/main.c:202:6:SystemClock_Config	72	static
../Core/Src/main.c:239:13:MX_GPIO_Init	40	static
../Core/Src/main.c:285:6:StartDefaultTask	16	static
../Core/Src/main.c:303:6:RedLed	16	static
../Core/Src/main.c:336:6:GreenLed	16	static
../Core/Src/main.c:362:6:AccessSharedData	8	static
../Core/Src/main.c:382:6:SimulateReadWriteOperation	16	static,ignoring_inline_asm
../Core/Src/main.c:399:6:OrangeLed	16	static
../Core/Src/main.c:419:6:HAL_TIM_PeriodElapsedCallback	16	static
../Core/Src/main.c:436:6:Error_Handler	4	static,ignoring_inline_asm
